2026-05-23 00:28:37,398 [main] INFO  demotest.HomePageTest - Test Started
2026-05-23 00:28:37,418 [main] INFO  demotest.HomePageTest - Name Entered
2026-05-23 00:28:37,512 [main] INFO  demotest.HomePageTest - Email Entered
2026-05-23 00:28:37,584 [main] INFO  demotest.HomePageTest - Enter Mobile no.
2026-05-23 00:28:37,644 [main] INFO  demotest.HomePageTest - Enter Address
2026-05-23 00:28:37,716 [main] INFO  demotest.HomePageTest - Select Gender
2026-05-23 00:28:37,783 [main] INFO  demotest.HomePageTest - Select Day
2026-05-23 00:28:37,846 [main] INFO  demotest.HomePageTest - Select Country
2026-05-23 00:28:37,974 [main] INFO  demotest.HomePageTest - Select Color
2026-05-23 00:28:38,063 [main] INFO  demotest.HomePageTest - Select Animal
2026-05-23 00:28:38,146 [main] INFO  demotest.HomePageTest - Clicking Submit
2026-05-23 17:22:52,512 [main] INFO  demotest.HomePageTest - Test Started
2026-05-23 17:22:52,533 [main] INFO  demotest.HomePageTest - Name Entered
2026-05-23 17:22:52,631 [main] INFO  demotest.HomePageTest - Email Entered
2026-05-23 17:22:52,698 [main] INFO  demotest.HomePageTest - Enter Mobile no.
2026-05-23 17:22:52,757 [main] INFO  demotest.HomePageTest - Enter Address
2026-05-23 17:22:52,819 [main] INFO  demotest.HomePageTest - Select Gender
2026-05-23 17:22:52,883 [main] INFO  demotest.HomePageTest - Select Day
2026-05-23 17:22:52,945 [main] INFO  demotest.HomePageTest - Select Country
2026-05-23 17:22:53,043 [main] INFO  demotest.HomePageTest - Select Color
2026-05-23 17:22:53,199 [main] INFO  demotest.HomePageTest - Select Animal
2026-05-23 17:22:53,278 [main] INFO  demotest.HomePageTest - Clicking Submit
2026-05-23 21:18:37,536 [main] INFO  demotest.HomePageTest - Test Started
2026-05-23 21:20:53,945 [main] INFO  demotest.HomePageTest - Test Started
2026-05-23 21:23:54,518 [main] INFO  demotest.HomePageTest - Test Started
2026-05-23 21:30:01,710 [main] INFO  demotest.HomePageTest - Test Started
2026-05-23 21:34:12,673 [main] INFO  demotest.HomePageTest - Test Started
2026-05-23 22:27:04,223 [main] INFO  demotest.HomePageTest - Test Started
2026-05-23 22:33:27,661 [main] INFO  demotest.HomePageTest - Test Started
2026-05-23 22:43:11,194 [main] INFO  demotest.HomePageTest - Test Started
2026-05-23 22:50:06,807 [main] INFO  demotest.HomePageTest - Test Started
2026-05-23 22:51:39,968 [main] INFO  demotest.HomePageTest - Test Started
2026-05-23 22:55:52,645 [main] INFO  demotest.HomePageTest - Test Started
2026-05-23 23:02:22,989 [main] INFO  demotest.HomePageTest - Test Started
2026-05-23 23:04:52,152 [main] INFO  demotest.HomePageTest - Test Started
2026-05-23 23:07:18,273 [main] INFO  demotest.HomePageTest - Test Started
2026-05-23 23:07:18,823 [main] INFO  demotest.HomePageTest - Name Entered
2026-05-23 23:07:18,930 [main] INFO  demotest.HomePageTest - Email Entered
2026-05-23 23:07:18,998 [main] INFO  demotest.HomePageTest - Enter Mobile no.
2026-05-23 23:07:19,056 [main] INFO  demotest.HomePageTest - Enter Address
2026-05-23 23:07:19,119 [main] INFO  demotest.HomePageTest - Select Gender
2026-05-23 23:07:19,184 [main] INFO  demotest.HomePageTest - Select Day
2026-05-23 23:07:19,240 [main] INFO  demotest.HomePageTest - Select Country
2026-05-23 23:07:19,334 [main] INFO  demotest.HomePageTest - Select Color
2026-05-23 23:07:19,420 [main] INFO  demotest.HomePageTest - Select Animal
2026-05-23 23:07:19,554 [main] INFO  demotest.HomePageTest - Clicking Submit
2026-05-23 23:09:57,602 [main] INFO  demotest.HomePageTest - Test Started
2026-05-23 23:10:32,462 [main] INFO  demotest.HomePageTest - Test Started
2026-05-23 23:10:33,044 [main] INFO  demotest.HomePageTest - Name Entered
2026-05-23 23:10:33,147 [main] INFO  demotest.HomePageTest - Email Entered
2026-05-23 23:10:33,220 [main] INFO  demotest.HomePageTest - Enter Mobile no.
2026-05-23 23:10:33,291 [main] INFO  demotest.HomePageTest - Enter Address
2026-05-23 23:10:33,355 [main] INFO  demotest.HomePageTest - Select Gender
2026-05-23 23:10:33,418 [main] INFO  demotest.HomePageTest - Select Day
2026-05-23 23:10:33,474 [main] INFO  demotest.HomePageTest - Select Country
2026-05-23 23:10:33,555 [main] INFO  demotest.HomePageTest - Select Color
2026-05-23 23:10:33,643 [main] INFO  demotest.HomePageTest - Select Animal
2026-05-23 23:10:33,729 [main] INFO  demotest.HomePageTest - Clicking Submit
2026-05-23 23:11:47,810 [main] INFO  demotest.HomePageTest - Test Started
2026-05-23 23:11:48,344 [main] INFO  demotest.HomePageTest - Name Entered
2026-05-23 23:11:48,432 [main] INFO  demotest.HomePageTest - Email Entered
2026-05-23 23:11:48,490 [main] INFO  demotest.HomePageTest - Enter Mobile no.
2026-05-23 23:11:48,553 [main] INFO  demotest.HomePageTest - Enter Address
2026-05-23 23:11:48,615 [main] INFO  demotest.HomePageTest - Select Gender
2026-05-23 23:11:48,666 [main] INFO  demotest.HomePageTest - Select Day
2026-05-23 23:11:48,732 [main] INFO  demotest.HomePageTest - Select Country
2026-05-23 23:11:48,828 [main] INFO  demotest.HomePageTest - Select Color
2026-05-23 23:11:48,914 [main] INFO  demotest.HomePageTest - Select Animal
2026-05-23 23:11:48,997 [main] INFO  demotest.HomePageTest - Clicking Submit
2026-05-23 23:17:15,473 [main] INFO  demotest.HomePageTest - Test Started
2026-05-23 23:18:12,112 [main] INFO  demotest.HomePageTest - Test Started
2026-05-23 23:18:12,677 [main] INFO  demotest.HomePageTest - Name Entered
2026-05-23 23:18:12,762 [main] INFO  demotest.HomePageTest - Email Entered
2026-05-23 23:18:12,829 [main] INFO  demotest.HomePageTest - Enter Mobile no.
2026-05-23 23:18:12,888 [main] INFO  demotest.HomePageTest - Enter Address
2026-05-23 23:18:12,949 [main] INFO  demotest.HomePageTest - Select Gender
2026-05-23 23:18:13,012 [main] INFO  demotest.HomePageTest - Select Day
2026-05-23 23:18:13,072 [main] INFO  demotest.HomePageTest - Select Country
2026-05-23 23:18:13,158 [main] INFO  demotest.HomePageTest - Select Color
2026-05-23 23:18:13,254 [main] INFO  demotest.HomePageTest - Select Animal
2026-05-23 23:18:13,337 [main] INFO  demotest.HomePageTest - Clicking Submit
2026-05-24 00:03:53,152 [main] INFO  demotest.HomePageTest - Test Started
2026-05-24 00:03:54,464 [main] INFO  demotest.HomePageTest - Name Entered
2026-05-24 00:03:54,592 [main] INFO  demotest.HomePageTest - Email Entered
2026-05-24 00:03:54,707 [main] INFO  demotest.HomePageTest - Enter Mobile no.
2026-05-24 00:03:54,794 [main] INFO  demotest.HomePageTest - Enter Address
2026-05-24 00:03:54,885 [main] INFO  demotest.HomePageTest - Select Gender
2026-05-24 00:03:54,963 [main] INFO  demotest.HomePageTest - Select Day
2026-05-24 00:03:55,038 [main] INFO  demotest.HomePageTest - Select Country
2026-05-24 00:03:55,179 [main] INFO  demotest.HomePageTest - Select Color
2026-05-24 00:03:55,274 [main] INFO  demotest.HomePageTest - Select Animal
2026-05-24 00:03:55,387 [main] INFO  demotest.HomePageTest - Clicking Submit
2026-05-24 00:05:43,756 [main] INFO  demotest.HomePageTest - Test Started
2026-05-24 00:05:44,937 [main] INFO  demotest.HomePageTest - Name Entered
2026-05-24 00:05:45,207 [main] INFO  demotest.HomePageTest - Email Entered
2026-05-24 00:05:45,365 [main] INFO  demotest.HomePageTest - Enter Mobile no.
2026-05-24 00:05:45,525 [main] INFO  demotest.HomePageTest - Enter Address
2026-05-24 00:05:45,710 [main] INFO  demotest.HomePageTest - Select Gender
2026-05-24 00:05:45,810 [main] INFO  demotest.HomePageTest - Select Day
2026-05-24 00:05:45,883 [main] INFO  demotest.HomePageTest - Select Country
2026-05-24 00:05:45,984 [main] INFO  demotest.HomePageTest - Select Color
2026-05-24 00:05:46,083 [main] INFO  demotest.HomePageTest - Select Animal
2026-05-24 00:05:46,201 [main] INFO  demotest.HomePageTest - Clicking Submit
2026-05-24 00:07:27,546 [main] INFO  demotest.HomePageTest - Test Started
2026-05-24 00:07:29,165 [main] INFO  demotest.HomePageTest - Name Entered
2026-05-24 00:07:29,470 [main] INFO  demotest.HomePageTest - Email Entered
2026-05-24 00:07:29,563 [main] INFO  demotest.HomePageTest - Enter Mobile no.
2026-05-24 00:07:29,674 [main] INFO  demotest.HomePageTest - Enter Address
2026-05-24 00:07:29,818 [main] INFO  demotest.HomePageTest - Select Gender
2026-05-24 00:07:29,913 [main] INFO  demotest.HomePageTest - Select Day
2026-05-24 00:07:29,979 [main] INFO  demotest.HomePageTest - Select Country
2026-05-24 00:07:30,086 [main] INFO  demotest.HomePageTest - Select Color
2026-05-24 00:07:30,204 [main] INFO  demotest.HomePageTest - Select Animal
2026-05-24 00:07:30,333 [main] INFO  demotest.HomePageTest - Clicking Submit
2026-05-24 00:10:37,571 [main] INFO  demotest.HomePageTest - Test Started
2026-05-24 00:11:28,107 [main] INFO  demotest.HomePageTest - Test Started
2026-05-24 00:12:50,504 [main] INFO  demotest.HomePageTest - Test Started
2026-05-24 00:13:29,383 [main] INFO  demotest.HomePageTest - Test Started
2026-05-24 00:13:30,399 [main] INFO  demotest.HomePageTest - Name Entered
2026-05-24 00:13:30,562 [main] INFO  demotest.HomePageTest - Email Entered
2026-05-24 00:13:30,693 [main] INFO  demotest.HomePageTest - Enter Mobile no.
2026-05-24 00:13:30,823 [main] INFO  demotest.HomePageTest - Enter Address
2026-05-24 00:13:30,972 [main] INFO  demotest.HomePageTest - Select Gender
2026-05-24 00:13:31,216 [main] INFO  demotest.HomePageTest - Select Day
2026-05-24 00:13:31,432 [main] INFO  demotest.HomePageTest - Select Country
2026-05-24 00:13:31,713 [main] INFO  demotest.HomePageTest - Select Color
2026-05-24 00:13:31,811 [main] INFO  demotest.HomePageTest - Select Animal
2026-05-24 00:13:31,943 [main] INFO  demotest.HomePageTest - Clicking Submit
2026-05-24 00:19:31,744 [main] INFO  demotest.HomePageTest - Test Started
2026-05-24 00:20:07,387 [main] INFO  demotest.HomePageTest - Test Started
2026-05-24 00:20:08,970 [main] INFO  demotest.HomePageTest - Name Entered
2026-05-24 00:20:09,094 [main] INFO  demotest.HomePageTest - Email Entered
2026-05-24 00:20:09,177 [main] INFO  demotest.HomePageTest - Enter Mobile no.
2026-05-24 00:20:09,245 [main] INFO  demotest.HomePageTest - Enter Address
2026-05-24 00:20:09,329 [main] INFO  demotest.HomePageTest - Select Gender
2026-05-24 00:20:09,444 [main] INFO  demotest.HomePageTest - Select Day
2026-05-24 00:20:09,561 [main] INFO  demotest.HomePageTest - Select Country
2026-05-24 00:20:09,720 [main] INFO  demotest.HomePageTest - Select Color
2026-05-24 00:20:09,823 [main] INFO  demotest.HomePageTest - Select Animal
2026-05-24 00:20:09,943 [main] INFO  demotest.HomePageTest - Clicking Submit
2026-05-24 00:26:45,086 [main] INFO  demotest.HomePageTest - Test Started
2026-05-24 00:26:46,450 [main] INFO  demotest.HomePageTest - Name Entered
2026-05-24 00:26:46,709 [main] INFO  demotest.HomePageTest - Email Entered
2026-05-24 00:26:46,786 [main] INFO  demotest.HomePageTest - Enter Mobile no.
2026-05-24 00:26:46,855 [main] INFO  demotest.HomePageTest - Enter Address
2026-05-24 00:26:46,936 [main] INFO  demotest.HomePageTest - Select Gender
2026-05-24 00:26:47,016 [main] INFO  demotest.HomePageTest - Select Day
2026-05-24 00:26:47,098 [main] INFO  demotest.HomePageTest - Select Country
2026-05-24 00:26:47,234 [main] INFO  demotest.HomePageTest - Select Color
2026-05-24 00:26:47,335 [main] INFO  demotest.HomePageTest - Select Animal
2026-05-24 00:26:47,474 [main] INFO  demotest.HomePageTest - Clicking Submit
2026-05-24 19:32:17,202 [main] INFO  demotest.HomePageTest - Test Started
2026-05-24 19:32:18,925 [main] INFO  demotest.HomePageTest - Name Entered
2026-05-24 19:32:19,056 [main] INFO  demotest.HomePageTest - Email Entered
2026-05-24 19:32:19,149 [main] INFO  demotest.HomePageTest - Enter Mobile no.
2026-05-24 19:32:19,220 [main] INFO  demotest.HomePageTest - Enter Address
2026-05-24 19:32:19,300 [main] INFO  demotest.HomePageTest - Select Gender
2026-05-24 19:32:19,414 [main] INFO  demotest.HomePageTest - Select Day
2026-05-24 19:32:19,535 [main] INFO  demotest.HomePageTest - Select Country
2026-05-24 19:32:19,742 [main] INFO  demotest.HomePageTest - Select Color
2026-05-24 19:32:19,875 [main] INFO  demotest.HomePageTest - Select Animal
2026-05-24 19:32:19,962 [main] INFO  demotest.HomePageTest - Clicking Submit
2026-05-24 19:33:20,765 [main] INFO  demotest.HomePageTest - Test Started
2026-05-24 19:33:22,363 [main] INFO  demotest.HomePageTest - Name Entered
2026-05-24 19:33:22,464 [main] INFO  demotest.HomePageTest - Email Entered
2026-05-24 19:33:22,581 [main] INFO  demotest.HomePageTest - Enter Mobile no.
2026-05-24 19:33:22,649 [main] INFO  demotest.HomePageTest - Enter Address
2026-05-24 19:33:22,726 [main] INFO  demotest.HomePageTest - Select Gender
2026-05-24 19:33:22,845 [main] INFO  demotest.HomePageTest - Select Day
2026-05-24 19:33:22,966 [main] INFO  demotest.HomePageTest - Select Country
2026-05-24 19:33:23,136 [main] INFO  demotest.HomePageTest - Select Color
2026-05-24 19:33:23,237 [main] INFO  demotest.HomePageTest - Select Animal
2026-05-24 19:33:23,340 [main] INFO  demotest.HomePageTest - Clicking Submit
2026-05-24 20:15:55,027 [main] INFO  demotest.HomePageTest - Test Started
2026-05-24 20:15:55,586 [main] INFO  demotest.HomePageTest - Name Entered
2026-05-24 20:15:55,672 [main] INFO  demotest.HomePageTest - Email Entered
2026-05-24 20:15:55,741 [main] INFO  demotest.HomePageTest - Enter Mobile no.
2026-05-24 20:15:55,801 [main] INFO  demotest.HomePageTest - Enter Address
2026-05-24 20:15:55,863 [main] INFO  demotest.HomePageTest - Select Gender
2026-05-24 20:15:55,925 [main] INFO  demotest.HomePageTest - Select Day
2026-05-24 20:15:55,990 [main] INFO  demotest.HomePageTest - Select Country
2026-05-24 20:15:56,073 [main] INFO  demotest.HomePageTest - Select Color
2026-05-24 20:15:56,152 [main] INFO  demotest.HomePageTest - Select Animal
2026-05-24 20:15:56,246 [main] INFO  demotest.HomePageTest - Clicking Submit
2026-05-24 20:24:28,918 [main] INFO  demotest.HomePageTest - Test Started
2026-05-24 20:24:29,464 [main] INFO  demotest.HomePageTest - Name Entered
2026-05-24 20:24:29,551 [main] INFO  demotest.HomePageTest - Email Entered
2026-05-24 20:24:29,618 [main] INFO  demotest.HomePageTest - Enter Mobile no.
2026-05-24 20:24:29,682 [main] INFO  demotest.HomePageTest - Enter Address
2026-05-24 20:24:29,745 [main] INFO  demotest.HomePageTest - Select Gender
2026-05-24 20:24:29,809 [main] INFO  demotest.HomePageTest - Select Day
2026-05-24 20:24:29,875 [main] INFO  demotest.HomePageTest - Select Country
2026-05-24 20:24:29,966 [main] INFO  demotest.HomePageTest - Select Color
2026-05-24 20:24:30,044 [main] INFO  demotest.HomePageTest - Select Animal
2026-05-24 20:24:30,141 [main] INFO  demotest.HomePageTest - Clicking Submit
2026-05-24 20:26:10,273 [main] INFO  demotest.HomePageTest - Test Started
2026-05-24 20:26:10,859 [main] INFO  demotest.HomePageTest - Name Entered
2026-05-24 20:26:10,949 [main] INFO  demotest.HomePageTest - Email Entered
2026-05-24 20:26:11,019 [main] INFO  demotest.HomePageTest - Enter Mobile no.
2026-05-24 20:26:11,080 [main] INFO  demotest.HomePageTest - Enter Address
2026-05-24 20:26:11,150 [main] INFO  demotest.HomePageTest - Select Gender
2026-05-24 20:26:11,216 [main] INFO  demotest.HomePageTest - Select Day
2026-05-24 20:26:11,280 [main] INFO  demotest.HomePageTest - Select Country
2026-05-24 20:26:11,375 [main] INFO  demotest.HomePageTest - Select Color
2026-05-24 20:26:11,466 [main] INFO  demotest.HomePageTest - Select Animal
2026-05-24 20:26:11,557 [main] INFO  demotest.HomePageTest - Clicking Submit
2026-05-24 20:43:56,599 [main] INFO  demotest.HomePageTest - Test Started
2026-05-24 20:46:36,795 [main] INFO  demotest.HomePageTest - Test Started
2026-05-24 20:46:37,343 [main] INFO  demotest.HomePageTest - Name Entered
2026-05-24 20:46:37,432 [main] INFO  demotest.HomePageTest - Email Entered
2026-05-24 20:46:37,504 [main] INFO  demotest.HomePageTest - Enter Mobile no.
2026-05-24 20:46:37,561 [main] INFO  demotest.HomePageTest - Enter Address
2026-05-24 20:46:37,627 [main] INFO  demotest.HomePageTest - Select Gender
2026-05-24 20:46:37,697 [main] INFO  demotest.HomePageTest - Select Day
2026-05-24 20:46:37,761 [main] INFO  demotest.HomePageTest - Select Country
2026-05-24 20:46:37,848 [main] INFO  demotest.HomePageTest - Select Color
2026-05-24 20:46:37,936 [main] INFO  demotest.HomePageTest - Select Animal
2026-05-24 20:46:38,025 [main] INFO  demotest.HomePageTest - Clicking Submit
2026-05-26 17:35:14,241 [main] INFO  demotest.HomePageTest - Test Started
2026-05-26 17:35:14,999 [main] INFO  demotest.HomePageTest - Name Entered
2026-05-26 17:35:15,114 [main] INFO  demotest.HomePageTest - Email Entered
2026-05-26 17:35:15,219 [main] INFO  demotest.HomePageTest - Enter Mobile no.
2026-05-26 17:35:15,317 [main] INFO  demotest.HomePageTest - Enter Address
2026-05-26 17:35:15,459 [main] INFO  demotest.HomePageTest - Select Gender
2026-05-26 17:35:15,610 [main] INFO  demotest.HomePageTest - Select Day
2026-05-26 17:35:15,700 [main] INFO  demotest.HomePageTest - Select Country
2026-05-26 17:35:15,840 [main] INFO  demotest.HomePageTest - Select Color
2026-05-26 17:35:15,970 [main] INFO  demotest.HomePageTest - Select Animal
2026-05-26 17:35:16,081 [main] INFO  demotest.HomePageTest - Clicking Submit
2026-05-26 17:48:52,663 [main] INFO  demotest.HomePageTest - Test Started
2026-05-26 17:48:53,364 [main] INFO  demotest.HomePageTest - Name Entered
2026-05-26 17:48:53,492 [main] INFO  demotest.HomePageTest - Email Entered
2026-05-26 17:48:53,599 [main] INFO  demotest.HomePageTest - Enter Mobile no.
2026-05-26 17:48:53,703 [main] INFO  demotest.HomePageTest - Enter Address
2026-05-26 17:48:53,803 [main] INFO  demotest.HomePageTest - Select Gender
2026-05-26 17:48:53,900 [main] INFO  demotest.HomePageTest - Select Day
2026-05-26 17:48:53,988 [main] INFO  demotest.HomePageTest - Select Country
2026-05-26 17:48:54,108 [main] INFO  demotest.HomePageTest - Select Color
2026-05-26 17:48:54,235 [main] INFO  demotest.HomePageTest - Select Animal
2026-05-26 17:48:54,363 [main] INFO  demotest.HomePageTest - Clicking Submit
2026-05-26 18:11:40,427 [main] INFO  demotest.HomePageTest - Test Started
2026-05-26 18:11:41,165 [main] INFO  demotest.HomePageTest - Name Entered
2026-05-26 18:11:41,291 [main] INFO  demotest.HomePageTest - Email Entered
2026-05-26 18:11:41,388 [main] INFO  demotest.HomePageTest - Enter Mobile no.
2026-05-26 18:11:41,486 [main] INFO  demotest.HomePageTest - Enter Address
2026-05-26 18:11:41,596 [main] INFO  demotest.HomePageTest - Select Gender
2026-05-26 18:11:41,691 [main] INFO  demotest.HomePageTest - Select Day
2026-05-26 18:11:41,797 [main] INFO  demotest.HomePageTest - Select Country
2026-05-26 18:11:41,906 [main] INFO  demotest.HomePageTest - Select Color
2026-05-26 18:11:42,031 [main] INFO  demotest.HomePageTest - Select Animal
2026-05-26 18:11:42,147 [main] INFO  demotest.HomePageTest - Clicking Submit
2026-06-01 15:02:57,430 [main] INFO  demotest.HomePageTest - Test Started
2026-06-01 15:02:58,071 [main] INFO  demotest.HomePageTest - Name Entered
2026-06-01 15:02:58,166 [main] INFO  demotest.HomePageTest - Email Entered
2026-06-01 15:02:58,237 [main] INFO  demotest.HomePageTest - Enter Mobile no.
2026-06-01 15:02:58,297 [main] INFO  demotest.HomePageTest - Enter Address
2026-06-01 15:02:58,360 [main] INFO  demotest.HomePageTest - Select Gender
2026-06-01 15:02:58,425 [main] INFO  demotest.HomePageTest - Select Day
2026-06-01 15:02:58,491 [main] INFO  demotest.HomePageTest - Select Country
2026-06-01 15:02:58,578 [main] INFO  demotest.HomePageTest - Select Color
2026-06-01 15:02:58,670 [main] INFO  demotest.HomePageTest - Select Animal
2026-06-01 15:02:58,759 [main] INFO  demotest.HomePageTest - Clicking Submit
